******************************************************************************
                  TI ARM Linker PC v18.12.1                    
******************************************************************************
>> Linked Mon Jul  1 20:07:17 2019

OUTPUT FILE NAME:   <UART_RS232_Swtiching.out>
ENTRY POINT SYMBOL: "_c_int00_noargs"  address: 0000065d


MEMORY CONFIGURATION

         name            origin    length      used     unused   attr    fill
----------------------  --------  ---------  --------  --------  ----  --------
  FLASH                 00000000   00040000  00000702  0003f8fe  R  X
  SRAM                  20000000   00008000  00001e70  00006190  RW X


SEGMENT ALLOCATION MAP

run origin  load origin   length   init length attrs members
----------  ----------- ---------- ----------- ----- -------
00000000    00000000    00000704   00000704    r-x
  00000000    00000000    0000026c   0000026c    r-- .intvecs
  0000026c    0000026c    00000472   00000472    r-x .text
  000006e0    000006e0    00000010   00000010    r-- .const
  000006f0    000006f0    00000014   00000014    r-- .cinit
20000000    20000000    00001e70   00000000    rw-
  20000000    20000000    00001c70   00000000    rw- .bss
  20001c70    20001c70    00000200   00000000    rw- .stack


SECTION ALLOCATION MAP

 output                                  attributes/
section   page    origin      length       input sections
--------  ----  ----------  ----------   ----------------
.intvecs   0    00000000    0000026c     
                  00000000    0000026c     tm4c123gh6pm_startup_ccs.obj (.intvecs)

.text      0    0000026c    00000472     
                  0000026c    000001a8     data_handler.obj (.text)
                  00000414    000000f4     driverlib.lib : sysctl.obj (.text:SysCtlClockSet)
                  00000508    00000094     circular_buffer.obj (.text)
                  0000059c    0000007a     rtsv7M4_T_le_v4SPD16_eabi.lib : memset_t2.asm.obj (.text)
                  00000616    00000002     --HOLE-- [fill = 0]
                  00000618    00000044                                   : autoinit.c.obj (.text:__TI_auto_init_nobinit_nopinit:__TI_auto_init_nobinit_nopinit)
                  0000065c    00000034                                   : boot_cortex_m.c.obj (.text:_c_int00_noargs:_c_int00_noargs)
                  00000690    00000010     main.obj (.text)
                  000006a0    0000000c     rtsv7M4_T_le_v4SPD16_eabi.lib : copy_zero_init.c.obj (.text:decompress:ZI:__TI_zero_init)
                  000006ac    0000000c     tm4c123gh6pm_startup_ccs.obj (.text)
                  000006b8    0000000a     driverlib.lib : uart.obj (.text:UARTCharGet)
                  000006c2    0000000a                   : uart.obj (.text:UARTIntStatus)
                  000006cc    00000006                   : sysctl.obj (.text:SysCtlDelay)
                  000006d2    00000004                   : uart.obj (.text:UARTIntClear)
                  000006d6    00000004     rtsv7M4_T_le_v4SPD16_eabi.lib : pre_init.c.obj (.text:_system_pre_init)
                  000006da    00000004                                   : exit.c.obj (.text:abort:abort)

.const     0    000006e0    00000010     
                  000006e0    00000010     data_handler.obj (.const:$P$T1$1)

.cinit     0    000006f0    00000014     
                  000006f0    00000008     (.cinit..bss.load) [load image, compression = zero_init]
                  000006f8    00000004     (__TI_handler_table)
                  000006fc    00000008     (__TI_cinit_table)

.init_array 
*          0    00000000    00000000     UNINITIALIZED

.bss       0    20000000    00001c70     UNINITIALIZED
                  20000000    00001c00     (.common:rawBuffer)
                  20001c00    00000070     (.common:rawCircBuffer)

.stack     0    20001c70    00000200     UNINITIALIZED
                  20001c70    00000004     rtsv7M4_T_le_v4SPD16_eabi.lib : boot_cortex_m.c.obj (.stack)
                  20001c74    000001fc     --HOLE--

MODULE SUMMARY

       Module                         code   ro data   rw data
       ------                         ----   -------   -------
    .\
       tm4c123gh6pm_startup_ccs.obj   12     620       0      
       main.obj                       16     0         0      
    +--+------------------------------+------+---------+---------+
       Total:                         28     620       0      
                                                              
    .\app\circular_buffer\
       circular_buffer.obj            148    0         0      
    +--+------------------------------+------+---------+---------+
       Total:                         148    0         0      
                                                              
    .\app\data_handler\
       data_handler.obj               424    16        7280   
    +--+------------------------------+------+---------+---------+
       Total:                         424    16        7280   
                                                              
    ../driverlib.lib
       sysctl.obj                     250    0         0      
       uart.obj                       24     0         0      
    +--+------------------------------+------+---------+---------+
       Total:                         274    0         0      
                                                              
    C:\ti\ccs901\ccs\tools\compiler\ti-cgt-arm_18.12.1.LTS\lib\rtsv7M4_T_le_v4SPD16_eabi.lib
       memset_t2.asm.obj              122    0         0      
       autoinit.c.obj                 68     0         0      
       boot_cortex_m.c.obj            52     0         0      
       copy_zero_init.c.obj           12     0         0      
       exit.c.obj                     4      0         0      
       pre_init.c.obj                 4      0         0      
    +--+------------------------------+------+---------+---------+
       Total:                         262    0         0      
                                                              
       Stack:                         0      0         512    
       Linker Generated:              0      20        0      
    +--+------------------------------+------+---------+---------+
       Grand Total:                   1136   656       7792   


LINKER GENERATED COPY TABLES

__TI_cinit_table @ 000006fc records: 1, size/record: 8, table size: 8
	.bss: load addr=000006f0, load size=00000008 bytes, run addr=20000000, run size=00001c70 bytes, compression=zero_init


LINKER GENERATED HANDLER TABLE

__TI_handler_table @ 000006f8 records: 1, size/record: 4, table size: 4
	index: 0, handler: __TI_zero_init


GLOBAL SYMBOLS: SORTED ALPHABETICALLY BY Name 

address   name                          
-------   ----                          
000006db  C$$EXIT                       
000002c7  Port0IntHandler               
000002ed  Port1IntHandler               
00000313  Port2IntHandler               
00000339  Port3IntHandler               
0000035f  Port4IntHandler               
00000385  Port5IntHandler               
000003ab  Port6IntHandler               
000006ad  ResetISR                      
000002b1  SeverIntHandler               
00000415  SysCtlClockSet                
000006cd  SysCtlDelay                   
000006b9  UARTCharGet                   
000006d3  UARTIntClear                  
000006c3  UARTIntStatus                 
20001e70  __STACK_END                   
00000200  __STACK_SIZE                  
20001e70  __STACK_TOP                   
000006fc  __TI_CINIT_Base               
00000704  __TI_CINIT_Limit              
000006f8  __TI_Handler_Table_Base       
000006fc  __TI_Handler_Table_Limit      
00000619  __TI_auto_init_nobinit_nopinit
ffffffff  __TI_pprof_out_hndl           
ffffffff  __TI_prof_data_size           
ffffffff  __TI_prof_data_start          
00000000  __TI_static_base__            
000006a1  __TI_zero_init                
0000059d  __aeabi_memclr                
0000059d  __aeabi_memclr4               
0000059d  __aeabi_memclr8               
0000059f  __aeabi_memset                
0000059f  __aeabi_memset4               
0000059f  __aeabi_memset8               
ffffffff  __binit__                     
ffffffff  __c_args__                    
UNDEFED   __mpu_init                    
20001c70  __stack                       
0000065d  _c_int00_noargs               
UNDEFED   _system_post_cinit            
000006d7  _system_pre_init              
000006db  abort                         
ffffffff  binit                         
00000553  circBufPop                    
00000509  circBufPush                   
0000026d  circ_buffer_init              
00000000  g_pfnVectors                  
00000691  main                          
000005a5  memset                        
20000000  rawBuffer                     
20001c00  rawCircBuffer                 


GLOBAL SYMBOLS: SORTED BY Symbol Address 

address   name                          
-------   ----                          
00000000  __TI_static_base__            
00000000  g_pfnVectors                  
00000200  __STACK_SIZE                  
0000026d  circ_buffer_init              
000002b1  SeverIntHandler               
000002c7  Port0IntHandler               
000002ed  Port1IntHandler               
00000313  Port2IntHandler               
00000339  Port3IntHandler               
0000035f  Port4IntHandler               
00000385  Port5IntHandler               
000003ab  Port6IntHandler               
00000415  SysCtlClockSet                
00000509  circBufPush                   
00000553  circBufPop                    
0000059d  __aeabi_memclr                
0000059d  __aeabi_memclr4               
0000059d  __aeabi_memclr8               
0000059f  __aeabi_memset                
0000059f  __aeabi_memset4               
0000059f  __aeabi_memset8               
000005a5  memset                        
00000619  __TI_auto_init_nobinit_nopinit
0000065d  _c_int00_noargs               
00000691  main                          
000006a1  __TI_zero_init                
000006ad  ResetISR                      
000006b9  UARTCharGet                   
000006c3  UARTIntStatus                 
000006cd  SysCtlDelay                   
000006d3  UARTIntClear                  
000006d7  _system_pre_init              
000006db  C$$EXIT                       
000006db  abort                         
000006f8  __TI_Handler_Table_Base       
000006fc  __TI_CINIT_Base               
000006fc  __TI_Handler_Table_Limit      
00000704  __TI_CINIT_Limit              
20000000  rawBuffer                     
20001c00  rawCircBuffer                 
20001c70  __stack                       
20001e70  __STACK_END                   
20001e70  __STACK_TOP                   
ffffffff  __TI_pprof_out_hndl           
ffffffff  __TI_prof_data_size           
ffffffff  __TI_prof_data_start          
ffffffff  __binit__                     
ffffffff  __c_args__                    
ffffffff  binit                         
UNDEFED   __mpu_init                    
UNDEFED   _system_post_cinit            

[51 symbols]
